This is pdfTeX, Version 3.141592653-2.6-1.40.25 (TeX Live 2023/Debian) (preloaded format=pdflatex 2025.11.13)  14 NOV 2025 18:28
entering extended mode
 restricted \write18 enabled.
 %&-line parsing enabled.
**exemplo.tex
(./exemplo.tex
LaTeX2e <2023-11-01> patch level 1
L3 programming layer <2024-01-22>
(./tcc.cls
Document Class: tcc 2015/04/01 ------------------------------------------------
------------ Classe para monografias, teses e dissertacoes -- PPGCC/PUCRS Adapt
ado para uso em Trabalhos de Conclusao por Marcelo Cohen Para resolucao de prob
lemas ou sugestoes, entre em contato pelos e-mails <rfbpiccoli at gmail dot com
> e <marcelo dot cohen at pucrs dot br> ---------------------------------------
---------------------
(/usr/share/texlive/texmf-dist/tex/latex/base/report.cls
Document Class: report 2023/05/17 v1.4n Standard LaTeX document class
(/usr/share/texlive/texmf-dist/tex/latex/base/size12.clo
File: size12.clo 2023/05/17 v1.4n Standard LaTeX file (size option)
)
\c@part=\count187
\c@chapter=\count188
\c@section=\count189
\c@subsection=\count190
\c@subsubsection=\count191
\c@paragraph=\count192
\c@subparagraph=\count193
\c@figure=\count194
\c@table=\count195
\abovecaptionskip=\skip48
\belowcaptionskip=\skip49
\bibindent=\dimen140
)
(/usr/share/texlive/texmf-dist/tex/latex/base/fontenc.sty
Package: fontenc 2021/04/29 v2.0v Standard LaTeX package
)
(/usr/share/texlive/texmf-dist/tex/latex/base/inputenc.sty
Package: inputenc 2021/02/14 v1.3d Input encoding file
\inpenc@prehook=\toks17
\inpenc@posthook=\toks18
)
(/usr/share/texlive/texmf-dist/tex/generic/babel/babel.sty
Package: babel 2024/01/07 v24.1 The Babel package
\babel@savecnt=\count196
\U@D=\dimen141
\l@unhyphenated=\language89

(/usr/share/texlive/texmf-dist/tex/generic/babel/txtbabel.def)
\bbl@readstream=\read2
\bbl@dirlevel=\count197

(/usr/share/texlive/texmf-dist/tex/generic/babel-portuges/portuguese.ldf
Language: portuges 2021/07/09 v1.2t Portuguese support from the babel system
Package babel Info: Making " an active character on input line 143.
)
(/usr/share/texlive/texmf-dist/tex/generic/babel-english/english.ldf
Language: english 2017/06/06 v3.3r English support from the babel system
Package babel Info: Hyphen rules for 'canadian' set to \l@english
(babel)             (\language0). Reported on input line 102.
Package babel Info: Hyphen rules for 'australian' set to \l@ukenglish
(babel)             (\language54). Reported on input line 105.
Package babel Info: Hyphen rules for 'newzealand' set to \l@ukenglish
(babel)             (\language54). Reported on input line 108.
)
(/usr/share/texlive/texmf-dist/tex/generic/babel-portuges/brazil.ldf
Language: portuges 2021/07/09 v1.2t Portuguese support from the babel system
Package babel Info: Hyphen rules for 'brazil' set to \l@portuguese
(babel)             (\language26). Reported on input line 111.
))
(/usr/share/texlive/texmf-dist/tex/generic/babel/locale/en/babel-english.tex
Package babel Info: Importing font and identification data for english
(babel)             from babel-en.ini. Reported on input line 11.
)
(/usr/share/texlive/texmf-dist/tex/generic/babel/locale/pt/babel-portuguese.tex
Package babel Info: Importing font and identification data for portuguese
(babel)             from babel-pt.ini. Reported on input line 11.
) (/usr/share/texlive/texmf-dist/tex/latex/geometry/geometry.sty
Package: geometry 2020/01/02 v5.9 Page Geometry

(/usr/share/texlive/texmf-dist/tex/latex/graphics/keyval.sty
Package: keyval 2022/05/29 v1.15 key=value parser (DPC)
\KV@toks@=\toks19
)
(/usr/share/texlive/texmf-dist/tex/generic/iftex/ifvtex.sty
Package: ifvtex 2019/10/25 v1.7 ifvtex legacy package. Use iftex instead.

(/usr/share/texlive/texmf-dist/tex/generic/iftex/iftex.sty
Package: iftex 2022/02/03 v1.0f TeX engine tests
))
\Gm@cnth=\count198
\Gm@cntv=\count199
\c@Gm@tempcnt=\count266
\Gm@bindingoffset=\dimen142
\Gm@wd@mp=\dimen143
\Gm@odd@mp=\dimen144
\Gm@even@mp=\dimen145
\Gm@layoutwidth=\dimen146
\Gm@layoutheight=\dimen147
\Gm@layouthoffset=\dimen148
\Gm@layoutvoffset=\dimen149
\Gm@dimlist=\toks20
)
(/usr/share/texlive/texmf-dist/tex/latex/base/textcomp.sty
Package: textcomp 2020/02/02 v2.0n Standard LaTeX package
)
(/usr/share/texlive/texmf-dist/tex/latex/psnfss/helvet.sty
Package: helvet 2020/03/25 PSNFSS-v9.3 (WaS) 
)
(/usr/share/texlive/texmf-dist/tex/latex/sfmath/sfmath.sty
Package: sfmath 2007/08/27 v0.8 sans serif maths
LaTeX Font Info:    Overwriting symbol font `operators' in version `normal'
(Font)                  OT1/cmr/m/n --> OT1/phv/m/n on input line 329.
LaTeX Font Info:    Overwriting symbol font `operators' in version `bold'
(Font)                  OT1/cmr/bx/n --> OT1/phv/bx/n on input line 330.
\symSFMath=\mathgroup4
LaTeX Font Info:    Overwriting symbol font `SFMath' in version `normal'
(Font)                  OT1/phv/m/sl --> OT1/phv/m/sl on input line 343.
LaTeX Font Info:    Overwriting symbol font `SFMath' in version `bold'
(Font)                  OT1/phv/m/sl --> OT1/phv/bx/sl on input line 344.
LaTeX Font Info:    Redeclaring math symbol \imath on input line 398.
LaTeX Font Info:    Redeclaring math symbol \jmath on input line 399.
\symSFMathUp=\mathgroup5
LaTeX Font Info:    Overwriting symbol font `SFMathUp' in version `normal'
(Font)                  OT1/phv/m/n --> OT1/phv/m/n on input line 406.
LaTeX Font Info:    Overwriting symbol font `SFMathUp' in version `bold'
(Font)                  OT1/phv/m/n --> OT1/phv/bx/n on input line 407.
LaTeX Font Info:    Redeclaring math symbol \ldotp on input line 410.
\symSFMathGreek=\mathgroup6
LaTeX Font Info:    Overwriting symbol font `SFMathGreek' in version `normal'
(Font)                  OT1/cmss/m/n --> OT1/cmss/m/n on input line 419.
LaTeX Font Info:    Overwriting symbol font `SFMathGreek' in version `bold'
(Font)                  OT1/cmss/m/n --> OT1/cmss/bx/n on input line 420.
LaTeX Font Info:    Redeclaring math symbol \Gamma on input line 422.
LaTeX Font Info:    Redeclaring math symbol \Delta on input line 423.
LaTeX Font Info:    Redeclaring math symbol \Theta on input line 424.
LaTeX Font Info:    Redeclaring math symbol \Lambda on input line 425.
LaTeX Font Info:    Redeclaring math symbol \Xi on input line 426.
LaTeX Font Info:    Redeclaring math symbol \Pi on input line 427.
LaTeX Font Info:    Redeclaring math symbol \Sigma on input line 428.
LaTeX Font Info:    Redeclaring math symbol \Upsilon on input line 429.
LaTeX Font Info:    Redeclaring math symbol \Phi on input line 430.
LaTeX Font Info:    Redeclaring math symbol \Psi on input line 431.
LaTeX Font Info:    Redeclaring math symbol \Omega on input line 432.
\symSFMathUpGreek=\mathgroup7
LaTeX Font Info:    Overwriting symbol font `SFMathUpGreek' in version `normal'

(Font)                  OT1/cmss/m/n --> OT1/cmss/m/n on input line 436.
LaTeX Font Info:    Overwriting symbol font `SFMathUpGreek' in version `bold'
(Font)                  OT1/cmss/m/n --> OT1/cmss/bx/n on input line 437.
LaTeX Font Info:    Overwriting math alphabet `\mathnormal' in version `normal'

(Font)                  OML/cmm/m/it --> OT1/phv/m/sl on input line 446.
LaTeX Font Info:    Overwriting math alphabet `\mathnormal' in version `bold'
(Font)                  OML/cmm/b/it --> OT1/phv/bx/sl on input line 447.
LaTeX Font Info:    Overwriting math alphabet `\mathrm' in version `normal'
(Font)                  OT1/phv/m/n --> OT1/phv/m/n on input line 449.
LaTeX Font Info:    Overwriting math alphabet `\mathrm' in version `bold'
(Font)                  OT1/phv/bx/n --> OT1/phv/bx/n on input line 450.
LaTeX Font Info:    Overwriting math alphabet `\mathbf' in version `normal'
(Font)                  OT1/cmr/bx/n --> OT1/phv/bx/n on input line 452.
LaTeX Font Info:    Overwriting math alphabet `\mathbf' in version `bold'
(Font)                  OT1/cmr/bx/n --> OT1/phv/bx/n on input line 453.
LaTeX Font Info:    Overwriting math alphabet `\mathit' in version `normal'
(Font)                  OT1/cmr/m/it --> OT1/phv/m/sl on input line 455.
LaTeX Font Info:    Overwriting math alphabet `\mathit' in version `bold'
(Font)                  OT1/cmr/bx/it --> OT1/phv/bx/sl on input line 456.
LaTeX Font Info:    Overwriting math alphabet `\mathsf' in version `normal'
(Font)                  OT1/cmss/m/n --> OT1/phv/m/n on input line 458.
LaTeX Font Info:    Overwriting math alphabet `\mathsf' in version `bold'
(Font)                  OT1/cmss/bx/n --> OT1/phv/bx/n on input line 459.
LaTeX Font Info:    Overwriting math alphabet `\mathsl' in version `bold'
(Font)                  OT1/phv/m/sl --> OT1/phv/bx/sl on input line 466.
)
(/usr/share/texlive/texmf-dist/tex/latex/tools/indentfirst.sty
Package: indentfirst 2023/07/02 v1.03 Indent first paragraph (DPC)
)
(/usr/share/texlive/texmf-dist/tex/latex/setspace/setspace.sty
Package: setspace 2022/12/04 v6.7b set line spacing
)
(/usr/share/texlive/texmf-dist/tex/latex/textcase/textcase.sty
Package: textcase 2023/07/27 v1.04 Text only upper/lower case changing (DPC)
Package textcase Info: Defining Legacy names on input line 20.
)
(/usr/share/texlive/texmf-dist/tex/latex/float/float.sty
Package: float 2001/11/08 v1.3d Float enhancements (AL)
\c@float@type=\count267
\float@exts=\toks21
\float@box=\box51
\@float@everytoks=\toks22
\@floatcapt=\box52
)
(/usr/share/texlive/texmf-dist/tex/latex/amsmath/amsmath.sty
Package: amsmath 2023/05/13 v2.17o AMS math features
\@mathmargin=\skip50

For additional information on amsmath, use the `?' option.
(/usr/share/texlive/texmf-dist/tex/latex/amsmath/amstext.sty
Package: amstext 2021/08/26 v2.01 AMS text

(/usr/share/texlive/texmf-dist/tex/latex/amsmath/amsgen.sty
File: amsgen.sty 1999/11/30 v2.0 generic functions
\@emptytoks=\toks23
\ex@=\dimen150
))
(/usr/share/texlive/texmf-dist/tex/latex/amsmath/amsbsy.sty
Package: amsbsy 1999/11/29 v1.2d Bold Symbols
\pmbraise@=\dimen151
)
(/usr/share/texlive/texmf-dist/tex/latex/amsmath/amsopn.sty
Package: amsopn 2022/04/08 v2.04 operator names
)
\inf@bad=\count268
LaTeX Info: Redefining \frac on input line 234.
\uproot@=\count269
\leftroot@=\count270
LaTeX Info: Redefining \overline on input line 399.
LaTeX Info: Redefining \colon on input line 410.
\classnum@=\count271
\DOTSCASE@=\count272
LaTeX Info: Redefining \ldots on input line 496.
LaTeX Info: Redefining \dots on input line 499.
LaTeX Info: Redefining \cdots on input line 620.
\Mathstrutbox@=\box53
\strutbox@=\box54
LaTeX Info: Redefining \big on input line 722.
LaTeX Info: Redefining \Big on input line 723.
LaTeX Info: Redefining \bigg on input line 724.
LaTeX Info: Redefining \Bigg on input line 725.
\big@size=\dimen152
LaTeX Font Info:    Redeclaring font encoding OML on input line 743.
LaTeX Font Info:    Redeclaring font encoding OMS on input line 744.
\macc@depth=\count273
LaTeX Info: Redefining \bmod on input line 905.
LaTeX Info: Redefining \pmod on input line 910.
LaTeX Info: Redefining \smash on input line 940.
LaTeX Info: Redefining \relbar on input line 970.
LaTeX Info: Redefining \Relbar on input line 971.
\c@MaxMatrixCols=\count274
\dotsspace@=\muskip16
\c@parentequation=\count275
\dspbrk@lvl=\count276
\tag@help=\toks24
\row@=\count277
\column@=\count278
\maxfields@=\count279
\andhelp@=\toks25
\eqnshift@=\dimen153
\alignsep@=\dimen154
\tagshift@=\dimen155
\tagwidth@=\dimen156
\totwidth@=\dimen157
\lineht@=\dimen158
\@envbody=\toks26
\multlinegap=\skip51
\multlinetaggap=\skip52
\mathdisplay@stack=\toks27
LaTeX Info: Redefining \[ on input line 2953.
LaTeX Info: Redefining \] on input line 2954.
)
(/usr/share/texlive/texmf-dist/tex/latex/amsfonts/amssymb.sty
Package: amssymb 2013/01/14 v3.01 AMS font symbols

(/usr/share/texlive/texmf-dist/tex/latex/amsfonts/amsfonts.sty
Package: amsfonts 2013/01/14 v3.01 Basic AMSFonts support
\symAMSa=\mathgroup8
\symAMSb=\mathgroup9
LaTeX Font Info:    Redeclaring math symbol \hbar on input line 98.
LaTeX Font Info:    Overwriting math alphabet `\mathfrak' in version `bold'
(Font)                  U/euf/m/n --> U/euf/b/n on input line 106.
))
(/usr/share/texlive/texmf-dist/tex/latex/url/url.sty
\Urlmuskip=\muskip17
Package: url 2013/09/16  ver 3.4  Verb mode for urls, etc.
)
(/usr/share/texlive/texmf-dist/tex/latex/xcolor/xcolor.sty
Package: xcolor 2023/11/15 v3.01 LaTeX color extensions (UK)

(/usr/share/texlive/texmf-dist/tex/latex/graphics-cfg/color.cfg
File: color.cfg 2016/01/02 v1.6 sample color configuration
)
Package xcolor Info: Driver file: pdftex.def on input line 274.

(/usr/share/texlive/texmf-dist/tex/latex/graphics-def/pdftex.def
File: pdftex.def 2022/09/22 v1.2b Graphics/color driver for pdftex
)
(/usr/share/texlive/texmf-dist/tex/latex/graphics/mathcolor.ltx)
Package xcolor Info: Model `cmy' substituted by `cmy0' on input line 1350.
Package xcolor Info: Model `hsb' substituted by `rgb' on input line 1354.
Package xcolor Info: Model `RGB' extended on input line 1366.
Package xcolor Info: Model `HTML' substituted by `rgb' on input line 1368.
Package xcolor Info: Model `Hsb' substituted by `hsb' on input line 1369.
Package xcolor Info: Model `tHsb' substituted by `hsb' on input line 1370.
Package xcolor Info: Model `HSB' substituted by `hsb' on input line 1371.
Package xcolor Info: Model `Gray' substituted by `gray' on input line 1372.
Package xcolor Info: Model `wave' substituted by `hsb' on input line 1373.
)
(/usr/share/texlive/texmf-dist/tex/latex/colortbl/colortbl.sty
Package: colortbl 2022/06/20 v1.0f Color table columns (DPC)

(/usr/share/texlive/texmf-dist/tex/latex/tools/array.sty
Package: array 2023/10/16 v2.5g Tabular extension package (FMi)
\col@sep=\dimen159
\ar@mcellbox=\box55
\extrarowheight=\dimen160
\NC@list=\toks28
\extratabsurround=\skip53
\backup@length=\skip54
\ar@cellbox=\box56
)
\everycr=\toks29
\minrowclearance=\skip55
\rownum=\count280
)
\PP@boxsep=\dimen161
\PP@tmpbox=\box57
\PP@tmpdim=\dimen162
\c@algorithm=\count281
)
LaTeX Font Info:    Trying to load font information for T1+phv on input line 6.


(/usr/share/texlive/texmf-dist/tex/latex/psnfss/t1phv.fd
File: t1phv.fd 2020/03/25 scalable font definitions for T1/phv.
)
(/usr/share/texlive/texmf-dist/tex/latex/graphics/graphicx.sty
Package: graphicx 2021/09/16 v1.2d Enhanced LaTeX Graphics (DPC,SPQR)

(/usr/share/texlive/texmf-dist/tex/latex/graphics/graphics.sty
Package: graphics 2022/03/10 v1.4e Standard LaTeX Graphics (DPC,SPQR)

(/usr/share/texlive/texmf-dist/tex/latex/graphics/trig.sty
Package: trig 2021/08/11 v1.11 sin cos tan (DPC)
)
(/usr/share/texlive/texmf-dist/tex/latex/graphics-cfg/graphics.cfg
File: graphics.cfg 2016/06/04 v1.11 sample graphics configuration
)
Package graphics Info: Driver file: pdftex.def on input line 107.
)
\Gin@req@height=\dimen163
\Gin@req@width=\dimen164
)
(/usr/share/texlive/texmf-dist/tex/latex/pgfplots/pgfplots.sty
(/usr/share/texlive/texmf-dist/tex/generic/pgfplots/pgfplots.revision.tex)
Package: pgfplots 2021/05/15 v1.18.1 Data Visualization (1.18.1)

(/usr/share/texlive/texmf-dist/tex/latex/pgf/frontendlayer/tikz.sty
(/usr/share/texlive/texmf-dist/tex/latex/pgf/basiclayer/pgf.sty
(/usr/share/texlive/texmf-dist/tex/latex/pgf/utilities/pgfrcs.sty
(/usr/share/texlive/texmf-dist/tex/generic/pgf/utilities/pgfutil-common.tex
\pgfutil@everybye=\toks30
\pgfutil@tempdima=\dimen165
\pgfutil@tempdimb=\dimen166
)
(/usr/share/texlive/texmf-dist/tex/generic/pgf/utilities/pgfutil-latex.def
\pgfutil@abb=\box58
)
(/usr/share/texlive/texmf-dist/tex/generic/pgf/utilities/pgfrcs.code.tex
(/usr/share/texlive/texmf-dist/tex/generic/pgf/pgf.revision.tex)
Package: pgfrcs 2023-01-15 v3.1.10 (3.1.10)
))
Package: pgf 2023-01-15 v3.1.10 (3.1.10)

(/usr/share/texlive/texmf-dist/tex/latex/pgf/basiclayer/pgfcore.sty
(/usr/share/texlive/texmf-dist/tex/latex/pgf/systemlayer/pgfsys.sty
(/usr/share/texlive/texmf-dist/tex/generic/pgf/systemlayer/pgfsys.code.tex
Package: pgfsys 2023-01-15 v3.1.10 (3.1.10)

(/usr/share/texlive/texmf-dist/tex/generic/pgf/utilities/pgfkeys.code.tex
\pgfkeys@pathtoks=\toks31
\pgfkeys@temptoks=\toks32

(/usr/share/texlive/texmf-dist/tex/generic/pgf/utilities/pgfkeyslibraryfiltered
.code.tex
\pgfkeys@tmptoks=\toks33
))
\pgf@x=\dimen167
\pgf@y=\dimen168
\pgf@xa=\dimen169
\pgf@ya=\dimen170
\pgf@xb=\dimen171
\pgf@yb=\dimen172
\pgf@xc=\dimen173
\pgf@yc=\dimen174
\pgf@xd=\dimen175
\pgf@yd=\dimen176
\w@pgf@writea=\write3
\r@pgf@reada=\read3
\c@pgf@counta=\count282
\c@pgf@countb=\count283
\c@pgf@countc=\count284
\c@pgf@countd=\count285
\t@pgf@toka=\toks34
\t@pgf@tokb=\toks35
\t@pgf@tokc=\toks36
\pgf@sys@id@count=\count286
 (/usr/share/texlive/texmf-dist/tex/generic/pgf/systemlayer/pgf.cfg
File: pgf.cfg 2023-01-15 v3.1.10 (3.1.10)
)
Driver file for pgf: pgfsys-pdftex.def
(/usr/share/texlive/texmf-dist/tex/generic/pgf/systemlayer/pgfsys-pdftex.def
File: pgfsys-pdftex.def 2023-01-15 v3.1.10 (3.1.10)

(/usr/share/texlive/texmf-dist/tex/generic/pgf/systemlayer/pgfsys-common-pdf.de
f
File: pgfsys-common-pdf.def 2023-01-15 v3.1.10 (3.1.10)
)))
(/usr/share/texlive/texmf-dist/tex/generic/pgf/systemlayer/pgfsyssoftpath.code.
tex
File: pgfsyssoftpath.code.tex 2023-01-15 v3.1.10 (3.1.10)
\pgfsyssoftpath@smallbuffer@items=\count287
\pgfsyssoftpath@bigbuffer@items=\count288
)
(/usr/share/texlive/texmf-dist/tex/generic/pgf/systemlayer/pgfsysprotocol.code.
tex
File: pgfsysprotocol.code.tex 2023-01-15 v3.1.10 (3.1.10)
))
(/usr/share/texlive/texmf-dist/tex/generic/pgf/basiclayer/pgfcore.code.tex
Package: pgfcore 2023-01-15 v3.1.10 (3.1.10)

(/usr/share/texlive/texmf-dist/tex/generic/pgf/math/pgfmath.code.tex
(/usr/share/texlive/texmf-dist/tex/generic/pgf/math/pgfmathutil.code.tex)
(/usr/share/texlive/texmf-dist/tex/generic/pgf/math/pgfmathparser.code.tex
\pgfmath@dimen=\dimen177
\pgfmath@count=\count289
\pgfmath@box=\box59
\pgfmath@toks=\toks37
\pgfmath@stack@operand=\toks38
\pgfmath@stack@operation=\toks39
)
(/usr/share/texlive/texmf-dist/tex/generic/pgf/math/pgfmathfunctions.code.tex)
(/usr/share/texlive/texmf-dist/tex/generic/pgf/math/pgfmathfunctions.basic.code
.tex)
(/usr/share/texlive/texmf-dist/tex/generic/pgf/math/pgfmathfunctions.trigonomet
ric.code.tex)
(/usr/share/texlive/texmf-dist/tex/generic/pgf/math/pgfmathfunctions.random.cod
e.tex)
(/usr/share/texlive/texmf-dist/tex/generic/pgf/math/pgfmathfunctions.comparison
.code.tex)
(/usr/share/texlive/texmf-dist/tex/generic/pgf/math/pgfmathfunctions.base.code.
tex)
(/usr/share/texlive/texmf-dist/tex/generic/pgf/math/pgfmathfunctions.round.code
.tex)
(/usr/share/texlive/texmf-dist/tex/generic/pgf/math/pgfmathfunctions.misc.code.
tex)
(/usr/share/texlive/texmf-dist/tex/generic/pgf/math/pgfmathfunctions.integerari
thmetics.code.tex)
(/usr/share/texlive/texmf-dist/tex/generic/pgf/math/pgfmathcalc.code.tex)
(/usr/share/texlive/texmf-dist/tex/generic/pgf/math/pgfmathfloat.code.tex
\c@pgfmathroundto@lastzeros=\count290
))
(/usr/share/texlive/texmf-dist/tex/generic/pgf/math/pgfint.code.tex)
(/usr/share/texlive/texmf-dist/tex/generic/pgf/basiclayer/pgfcorepoints.code.te
x
File: pgfcorepoints.code.tex 2023-01-15 v3.1.10 (3.1.10)
\pgf@picminx=\dimen178
\pgf@picmaxx=\dimen179
\pgf@picminy=\dimen180
\pgf@picmaxy=\dimen181
\pgf@pathminx=\dimen182
\pgf@pathmaxx=\dimen183
\pgf@pathminy=\dimen184
\pgf@pathmaxy=\dimen185
\pgf@xx=\dimen186
\pgf@xy=\dimen187
\pgf@yx=\dimen188
\pgf@yy=\dimen189
\pgf@zx=\dimen190
\pgf@zy=\dimen191
)
(/usr/share/texlive/texmf-dist/tex/generic/pgf/basiclayer/pgfcorepathconstruct.
code.tex
File: pgfcorepathconstruct.code.tex 2023-01-15 v3.1.10 (3.1.10)
\pgf@path@lastx=\dimen192
\pgf@path@lasty=\dimen193
)
(/usr/share/texlive/texmf-dist/tex/generic/pgf/basiclayer/pgfcorepathusage.code
.tex
File: pgfcorepathusage.code.tex 2023-01-15 v3.1.10 (3.1.10)
\pgf@shorten@end@additional=\dimen194
\pgf@shorten@start@additional=\dimen195
)
(/usr/share/texlive/texmf-dist/tex/generic/pgf/basiclayer/pgfcorescopes.code.te
x
File: pgfcorescopes.code.tex 2023-01-15 v3.1.10 (3.1.10)
\pgfpic=\box60
\pgf@hbox=\box61
\pgf@layerbox@main=\box62
\pgf@picture@serial@count=\count291
)
(/usr/share/texlive/texmf-dist/tex/generic/pgf/basiclayer/pgfcoregraphicstate.c
ode.tex
File: pgfcoregraphicstate.code.tex 2023-01-15 v3.1.10 (3.1.10)
\pgflinewidth=\dimen196
)
(/usr/share/texlive/texmf-dist/tex/generic/pgf/basiclayer/pgfcoretransformation
s.code.tex
File: pgfcoretransformations.code.tex 2023-01-15 v3.1.10 (3.1.10)
\pgf@pt@x=\dimen197
\pgf@pt@y=\dimen198
\pgf@pt@temp=\dimen199
)
(/usr/share/texlive/texmf-dist/tex/generic/pgf/basiclayer/pgfcorequick.code.tex
File: pgfcorequick.code.tex 2023-01-15 v3.1.10 (3.1.10)
)
(/usr/share/texlive/texmf-dist/tex/generic/pgf/basiclayer/pgfcoreobjects.code.t
ex
File: pgfcoreobjects.code.tex 2023-01-15 v3.1.10 (3.1.10)
)
(/usr/share/texlive/texmf-dist/tex/generic/pgf/basiclayer/pgfcorepathprocessing
.code.tex
File: pgfcorepathprocessing.code.tex 2023-01-15 v3.1.10 (3.1.10)
)
(/usr/share/texlive/texmf-dist/tex/generic/pgf/basiclayer/pgfcorearrows.code.te
x
File: pgfcorearrows.code.tex 2023-01-15 v3.1.10 (3.1.10)
\pgfarrowsep=\dimen256
)
(/usr/share/texlive/texmf-dist/tex/generic/pgf/basiclayer/pgfcoreshade.code.tex
File: pgfcoreshade.code.tex 2023-01-15 v3.1.10 (3.1.10)
\pgf@max=\dimen257
\pgf@sys@shading@range@num=\count292
\pgf@shadingcount=\count293
)
(/usr/share/texlive/texmf-dist/tex/generic/pgf/basiclayer/pgfcoreimage.code.tex
File: pgfcoreimage.code.tex 2023-01-15 v3.1.10 (3.1.10)
)
(/usr/share/texlive/texmf-dist/tex/generic/pgf/basiclayer/pgfcoreexternal.code.
tex
File: pgfcoreexternal.code.tex 2023-01-15 v3.1.10 (3.1.10)
\pgfexternal@startupbox=\box63
)
(/usr/share/texlive/texmf-dist/tex/generic/pgf/basiclayer/pgfcorelayers.code.te
x
File: pgfcorelayers.code.tex 2023-01-15 v3.1.10 (3.1.10)
)
(/usr/share/texlive/texmf-dist/tex/generic/pgf/basiclayer/pgfcoretransparency.c
ode.tex
File: pgfcoretransparency.code.tex 2023-01-15 v3.1.10 (3.1.10)
)
(/usr/share/texlive/texmf-dist/tex/generic/pgf/basiclayer/pgfcorepatterns.code.
tex
File: pgfcorepatterns.code.tex 2023-01-15 v3.1.10 (3.1.10)
)
(/usr/share/texlive/texmf-dist/tex/generic/pgf/basiclayer/pgfcorerdf.code.tex
File: pgfcorerdf.code.tex 2023-01-15 v3.1.10 (3.1.10)
)))
(/usr/share/texlive/texmf-dist/tex/generic/pgf/modules/pgfmoduleshapes.code.tex
File: pgfmoduleshapes.code.tex 2023-01-15 v3.1.10 (3.1.10)
\pgfnodeparttextbox=\box64
) (/usr/share/texlive/texmf-dist/tex/generic/pgf/modules/pgfmoduleplot.code.tex
File: pgfmoduleplot.code.tex 2023-01-15 v3.1.10 (3.1.10)
)
(/usr/share/texlive/texmf-dist/tex/latex/pgf/compatibility/pgfcomp-version-0-65
.sty
Package: pgfcomp-version-0-65 2023-01-15 v3.1.10 (3.1.10)
\pgf@nodesepstart=\dimen258
\pgf@nodesepend=\dimen259
)
(/usr/share/texlive/texmf-dist/tex/latex/pgf/compatibility/pgfcomp-version-1-18
.sty
Package: pgfcomp-version-1-18 2023-01-15 v3.1.10 (3.1.10)
)) (/usr/share/texlive/texmf-dist/tex/latex/pgf/utilities/pgffor.sty
(/usr/share/texlive/texmf-dist/tex/latex/pgf/utilities/pgfkeys.sty
(/usr/share/texlive/texmf-dist/tex/generic/pgf/utilities/pgfkeys.code.tex))
(/usr/share/texlive/texmf-dist/tex/latex/pgf/math/pgfmath.sty
(/usr/share/texlive/texmf-dist/tex/generic/pgf/math/pgfmath.code.tex))
(/usr/share/texlive/texmf-dist/tex/generic/pgf/utilities/pgffor.code.tex
Package: pgffor 2023-01-15 v3.1.10 (3.1.10)
\pgffor@iter=\dimen260
\pgffor@skip=\dimen261
\pgffor@stack=\toks40
\pgffor@toks=\toks41
))
(/usr/share/texlive/texmf-dist/tex/generic/pgf/frontendlayer/tikz/tikz.code.tex
Package: tikz 2023-01-15 v3.1.10 (3.1.10)

(/usr/share/texlive/texmf-dist/tex/generic/pgf/libraries/pgflibraryplothandlers
.code.tex
File: pgflibraryplothandlers.code.tex 2023-01-15 v3.1.10 (3.1.10)
\pgf@plot@mark@count=\count294
\pgfplotmarksize=\dimen262
)
\tikz@lastx=\dimen263
\tikz@lasty=\dimen264
\tikz@lastxsaved=\dimen265
\tikz@lastysaved=\dimen266
\tikz@lastmovetox=\dimen267
\tikz@lastmovetoy=\dimen268
\tikzleveldistance=\dimen269
\tikzsiblingdistance=\dimen270
\tikz@figbox=\box65
\tikz@figbox@bg=\box66
\tikz@tempbox=\box67
\tikz@tempbox@bg=\box68
\tikztreelevel=\count295
\tikznumberofchildren=\count296
\tikznumberofcurrentchild=\count297
\tikz@fig@count=\count298

(/usr/share/texlive/texmf-dist/tex/generic/pgf/modules/pgfmodulematrix.code.tex
File: pgfmodulematrix.code.tex 2023-01-15 v3.1.10 (3.1.10)
\pgfmatrixcurrentrow=\count299
\pgfmatrixcurrentcolumn=\count300
\pgf@matrix@numberofcolumns=\count301
)
\tikz@expandcount=\count302

(/usr/share/texlive/texmf-dist/tex/generic/pgf/frontendlayer/tikz/libraries/tik
zlibrarytopaths.code.tex
File: tikzlibrarytopaths.code.tex 2023-01-15 v3.1.10 (3.1.10)
)))
(/usr/share/texlive/texmf-dist/tex/generic/pgfplots/pgfplots.code.tex
(/usr/share/texlive/texmf-dist/tex/generic/pgfplots/pgfplotscore.code.tex
\t@pgfplots@toka=\toks42
\t@pgfplots@tokb=\toks43
\t@pgfplots@tokc=\toks44
\pgfplots@tmpa=\dimen271
\c@pgfplots@coordindex=\count303
\c@pgfplots@scanlineindex=\count304

(/usr/share/texlive/texmf-dist/tex/generic/pgfplots/sys/pgfplotssysgeneric.code
.tex))
(/usr/share/texlive/texmf-dist/tex/generic/pgfplots/libs/pgfplotslibrary.code.t
ex)
(/usr/share/texlive/texmf-dist/tex/generic/pgfplots/oldpgfcompatib/pgfplotsoldp
gfsupp_loader.code.tex
(/usr/share/texlive/texmf-dist/tex/generic/pgf/libraries/pgflibraryfpu.code.tex
)
Package pgfplots: loading complementary utilities for your pgf version...
\t@pgf@toka=\toks45
\t@pgf@tokb=\toks46
\t@pgf@tokc=\toks47

(/usr/share/texlive/texmf-dist/tex/generic/pgfplots/oldpgfcompatib/pgfplotsoldp
gfsupp_pgfutil-common-lists.tex))
(/usr/share/texlive/texmf-dist/tex/generic/pgfplots/util/pgfplotsutil.code.tex
(/usr/share/texlive/texmf-dist/tex/generic/pgfplots/liststructure/pgfplotslists
tructure.code.tex)
(/usr/share/texlive/texmf-dist/tex/generic/pgfplots/liststructure/pgfplotslists
tructureext.code.tex)
(/usr/share/texlive/texmf-dist/tex/generic/pgfplots/liststructure/pgfplotsarray
.code.tex
\c@pgfplotsarray@tmp=\count305
)
(/usr/share/texlive/texmf-dist/tex/generic/pgfplots/liststructure/pgfplotsmatri
x.code.tex)
(/usr/share/texlive/texmf-dist/tex/generic/pgfplots/numtable/pgfplotstableshare
d.code.tex
\c@pgfplotstable@counta=\count306
\t@pgfplotstable@a=\toks48
)
(/usr/share/texlive/texmf-dist/tex/generic/pgfplots/liststructure/pgfplotsdeque
.code.tex)
(/usr/share/texlive/texmf-dist/tex/generic/pgfplots/util/pgfplotsbinary.code.te
x
(/usr/share/texlive/texmf-dist/tex/generic/pgfplots/util/pgfplotsbinary.data.co
de.tex))
(/usr/share/texlive/texmf-dist/tex/generic/pgfplots/util/pgfplotsutil.verb.code
.tex)
(/usr/share/texlive/texmf-dist/tex/generic/pgfplots/libs/pgflibrarypgfplots.sur
fshading.code.tex
\c@pgfplotslibrarysurf@no=\count307

(/usr/share/texlive/texmf-dist/tex/generic/pgfplots/sys/pgflibrarypgfplots.surf
shading.pgfsys-pdftex.def)))
(/usr/share/texlive/texmf-dist/tex/generic/pgfplots/util/pgfplotscolormap.code.
tex
(/usr/share/texlive/texmf-dist/tex/generic/pgfplots/util/pgfplotscolor.code.tex
))
(/usr/share/texlive/texmf-dist/tex/generic/pgfplots/pgfplotsstackedplots.code.t
ex)
(/usr/share/texlive/texmf-dist/tex/generic/pgfplots/pgfplotsplothandlers.code.t
ex
(/usr/share/texlive/texmf-dist/tex/generic/pgfplots/pgfplotsmeshplothandler.cod
e.tex
(/usr/share/texlive/texmf-dist/tex/generic/pgfplots/pgfplotsmeshplotimage.code.
tex)))
(/usr/share/texlive/texmf-dist/tex/generic/pgfplots/pgfplots.scaling.code.tex)
(/usr/share/texlive/texmf-dist/tex/generic/pgfplots/pgfplotscoordprocessing.cod
e.tex)
(/usr/share/texlive/texmf-dist/tex/generic/pgfplots/pgfplots.errorbars.code.tex
) (/usr/share/texlive/texmf-dist/tex/generic/pgfplots/pgfplots.markers.code.tex
) (/usr/share/texlive/texmf-dist/tex/generic/pgfplots/pgfplotsticks.code.tex)
(/usr/share/texlive/texmf-dist/tex/generic/pgfplots/pgfplots.paths.code.tex)
(/usr/share/texlive/texmf-dist/tex/generic/pgf/frontendlayer/tikz/libraries/tik
zlibrarydecorations.code.tex
(/usr/share/texlive/texmf-dist/tex/generic/pgf/modules/pgfmoduledecorations.cod
e.tex
\pgfdecoratedcompleteddistance=\dimen272
\pgfdecoratedremainingdistance=\dimen273
\pgfdecoratedinputsegmentcompleteddistance=\dimen274
\pgfdecoratedinputsegmentremainingdistance=\dimen275
\pgf@decorate@distancetomove=\dimen276
\pgf@decorate@repeatstate=\count308
\pgfdecorationsegmentamplitude=\dimen277
\pgfdecorationsegmentlength=\dimen278
)
\tikz@lib@dec@box=\box69
)
(/usr/share/texlive/texmf-dist/tex/generic/pgf/frontendlayer/tikz/libraries/tik
zlibrarydecorations.pathmorphing.code.tex
(/usr/share/texlive/texmf-dist/tex/generic/pgf/libraries/decorations/pgflibrary
decorations.pathmorphing.code.tex))
(/usr/share/texlive/texmf-dist/tex/generic/pgf/frontendlayer/tikz/libraries/tik
zlibrarydecorations.pathreplacing.code.tex
(/usr/share/texlive/texmf-dist/tex/generic/pgf/libraries/decorations/pgflibrary
decorations.pathreplacing.code.tex))
(/usr/share/texlive/texmf-dist/tex/generic/pgfplots/libs/tikzlibrarypgfplots.co
ntourlua.code.tex)
\pgfplots@numplots=\count309
\pgfplots@xmin@reg=\dimen279
\pgfplots@xmax@reg=\dimen280
\pgfplots@ymin@reg=\dimen281
\pgfplots@ymax@reg=\dimen282
\pgfplots@zmin@reg=\dimen283
\pgfplots@zmax@reg=\dimen284
)
(/usr/share/texlive/texmf-dist/tex/generic/pgf/frontendlayer/tikz/libraries/tik
zlibraryplotmarks.code.tex
File: tikzlibraryplotmarks.code.tex 2023-01-15 v3.1.10 (3.1.10)

(/usr/share/texlive/texmf-dist/tex/generic/pgf/libraries/pgflibraryplotmarks.co
de.tex
File: pgflibraryplotmarks.code.tex 2023-01-15 v3.1.10 (3.1.10)
)))
(/usr/share/texlive/texmf-dist/tex/generic/pgf/frontendlayer/tikz/libraries/tik
zlibrarypositioning.code.tex
File: tikzlibrarypositioning.code.tex 2023-01-15 v3.1.10 (3.1.10)
)
(/usr/share/texlive/texmf-dist/tex/generic/pgf/frontendlayer/tikz/libraries/tik
zlibraryshapes.geometric.code.tex
File: tikzlibraryshapes.geometric.code.tex 2023-01-15 v3.1.10 (3.1.10)

(/usr/share/texlive/texmf-dist/tex/generic/pgf/libraries/shapes/pgflibraryshape
s.geometric.code.tex
File: pgflibraryshapes.geometric.code.tex 2023-01-15 v3.1.10 (3.1.10)
))
(/usr/share/texlive/texmf-dist/tex/generic/pgf/frontendlayer/tikz/libraries/tik
zlibraryshapes.misc.code.tex
File: tikzlibraryshapes.misc.code.tex 2023-01-15 v3.1.10 (3.1.10)

(/usr/share/texlive/texmf-dist/tex/generic/pgf/libraries/shapes/pgflibraryshape
s.misc.code.tex
File: pgflibraryshapes.misc.code.tex 2023-01-15 v3.1.10 (3.1.10)
))
(/usr/share/texlive/texmf-dist/tex/generic/pgf/libraries/pgflibraryarrows.meta.
code.tex
File: pgflibraryarrows.meta.code.tex 2023-01-15 v3.1.10 (3.1.10)
\pgfarrowinset=\dimen285
\pgfarrowlength=\dimen286
\pgfarrowwidth=\dimen287
\pgfarrowlinewidth=\dimen288
)
(/usr/share/texlive/texmf-dist/tex/generic/pgf/frontendlayer/tikz/libraries/tik
zlibraryfit.code.tex
File: tikzlibraryfit.code.tex 2023-01-15 v3.1.10 (3.1.10)
)
(/usr/share/texlive/texmf-dist/tex/latex/placeins/placeins.sty
Package: placeins 2005/04/18  v 2.2
)
(/usr/share/texlive/texmf-dist/tex/latex/multirow/multirow.sty
Package: multirow 2021/03/15 v2.8 Span multiple rows of a table
\multirow@colwidth=\skip56
\multirow@cntb=\count310
\multirow@dima=\skip57
\bigstrutjot=\dimen289
)
(/usr/share/texlive/texmf-dist/tex/latex/units/nicefrac.sty
Package: nicefrac 1998/08/04 v0.9b Nice fractions
\L@UnitsRaiseDisplaystyle=\skip58
\L@UnitsRaiseTextstyle=\skip59
\L@UnitsRaiseScriptstyle=\skip60

(/usr/share/texlive/texmf-dist/tex/latex/base/ifthen.sty
Package: ifthen 2022/04/13 v1.1d Standard LaTeX ifthen package (DPC)
))
(/usr/share/texlive/texmf-dist/tex/latex/algorithms/algorithmic.sty
Package: algorithmic 2009/08/24 v0.1 Document Style `algorithmic'
\c@ALC@unique=\count311
\c@ALC@line=\count312
\c@ALC@rem=\count313
\c@ALC@depth=\count314
\ALC@tlm=\skip61
\algorithmicindent=\skip62
)
(/usr/share/texlive/texmf-dist/tex/latex/hyphenat/hyphenat.sty
Package: hyphenat 2009/09/02 v2.3c hyphenation utilities
\langwohyphens=\language90
LaTeX Info: Redefining \_ on input line 43.
)
(/usr/share/texlive/texmf-dist/tex/latex/ncctools/extdash.sty
Package: extdash 2018/06/24 v1.3 Extended Dash Package (NCC)
)
(/usr/share/texlive/texmf-dist/tex/latex/l3backend/l3backend-pdftex.def
File: l3backend-pdftex.def 2024-01-04 L3 backend support: PDF output (pdfTeX)
\l__color_backend_stack_int=\count315
\l__pdf_internal_box=\box70
)
(./exemplo.aux (./exemplo-cap1.aux) (./exemplo-cap2.aux) (./exemplo-cap3.aux)
(./exemplo-cap4.aux) (./exemplo-cap5.aux) (./exemplo-cap6.aux))
\openout1 = `exemplo.aux'.

LaTeX Font Info:    Checking defaults for OML/cmm/m/it on input line 48.
LaTeX Font Info:    ... okay on input line 48.
LaTeX Font Info:    Checking defaults for OMS/cmsy/m/n on input line 48.
LaTeX Font Info:    ... okay on input line 48.
LaTeX Font Info:    Checking defaults for OT1/cmr/m/n on input line 48.
LaTeX Font Info:    ... okay on input line 48.
LaTeX Font Info:    Checking defaults for T1/cmr/m/n on input line 48.
LaTeX Font Info:    ... okay on input line 48.
LaTeX Font Info:    Checking defaults for TS1/cmr/m/n on input line 48.
LaTeX Font Info:    ... okay on input line 48.
LaTeX Font Info:    Checking defaults for OMX/cmex/m/n on input line 48.
LaTeX Font Info:    ... okay on input line 48.
LaTeX Font Info:    Checking defaults for U/cmr/m/n on input line 48.
LaTeX Font Info:    ... okay on input line 48.

*geometry* driver: auto-detecting
*geometry* detected driver: pdftex
*geometry* verbose mode - [ preamble ] result:
* driver: pdftex
* paper: a4paper
* layout: <same size as paper>
* layoutoffset:(h,v)=(0.0pt,0.0pt)
* modes: 
* h-part:(L,W,R)=(89.62709pt, 418.25368pt, 89.6271pt)
* v-part:(T,H,B)=(101.40665pt, 591.5302pt, 152.11pt)
* \paperwidth=597.50787pt
* \paperheight=845.04684pt
* \textwidth=483.69687pt
* \textheight=731.23582pt
* \oddsidemargin=-15.36449pt
* \evensidemargin=-15.36449pt
* \topmargin=-50.1924pt
* \headheight=16.0pt
* \headsep=18.82791pt
* \topskip=28.24187pt
* \footskip=33.32791pt
* \marginparwidth=45.52458pt
* \marginparsep=5.69054pt
* \columnsep=0.0pt
* \skip\footins=10.8pt plus 4.0pt minus 2.0pt
* \hoffset=0.0pt
* \voffset=0.0pt
* \mag=1000
* \@twocolumnfalse
* \@twosidefalse
* \@mparswitchfalse
* \@reversemarginfalse
* (1in=72.27pt=25.4mm, 1cm=28.453pt)

(/usr/share/texlive/texmf-dist/tex/context/base/mkii/supp-pdf.mkii
[Loading MPS to PDF converter (version 2006.09.02).]
\scratchcounter=\count316
\scratchdimen=\dimen290
\scratchbox=\box71
\nofMPsegments=\count317
\nofMParguments=\count318
\everyMPshowfont=\toks49
\MPscratchCnt=\count319
\MPscratchDim=\dimen291
\MPnumerator=\count320
\makeMPintoPDFobject=\count321
\everyMPtoPDFconversion=\toks50
) (/usr/share/texlive/texmf-dist/tex/latex/epstopdf-pkg/epstopdf-base.sty
Package: epstopdf-base 2020-01-24 v2.11 Base part for package epstopdf

(/usr/share/texlive/texmf-dist/tex/generic/infwarerr/infwarerr.sty
Package: infwarerr 2019/12/03 v1.5 Providing info/warning/error messages (HO)
)
(/usr/share/texlive/texmf-dist/tex/latex/grfext/grfext.sty
Package: grfext 2019/12/03 v1.3 Manage graphics extensions (HO)

(/usr/share/texlive/texmf-dist/tex/generic/kvdefinekeys/kvdefinekeys.sty
Package: kvdefinekeys 2019-12-19 v1.6 Define keys (HO)
))
(/usr/share/texlive/texmf-dist/tex/latex/kvoptions/kvoptions.sty
Package: kvoptions 2022-06-15 v3.15 Key value format for package options (HO)

(/usr/share/texlive/texmf-dist/tex/generic/ltxcmds/ltxcmds.sty
Package: ltxcmds 2023-12-04 v1.26 LaTeX kernel commands for general use (HO)
)
(/usr/share/texlive/texmf-dist/tex/latex/kvsetkeys/kvsetkeys.sty
Package: kvsetkeys 2022-10-05 v1.19 Key value parser (HO)
))
(/usr/share/texlive/texmf-dist/tex/generic/pdftexcmds/pdftexcmds.sty
Package: pdftexcmds 2020-06-27 v0.33 Utility functions of pdfTeX for LuaTeX (HO
)
Package pdftexcmds Info: \pdf@primitive is available.
Package pdftexcmds Info: \pdf@ifprimitive is available.
Package pdftexcmds Info: \pdfdraftmode found.
)
Package epstopdf-base Info: Redefining graphics rule for `.eps' on input line 4
85.
Package grfext Info: Graphics extension search list:
(grfext)             [.pdf,.png,.jpg,.mps,.jpeg,.jbig2,.jb2,.PDF,.PNG,.JPG,.JPE
G,.JBIG2,.JB2,.eps]
(grfext)             \AppendGraphicsExtensions on input line 504.

(/usr/share/texlive/texmf-dist/tex/latex/latexconfig/epstopdf-sys.cfg
File: epstopdf-sys.cfg 2010/07/13 v1.3 Configuration of (r)epstopdf for TeX Liv
e
))
Underfull \vbox (badness 10000) detected at line 48
 []


Underfull \hbox (badness 1082) in paragraph at lines 48--48
\T1/phv/m/n/12 como re-qui-sito par-cial à ob-ten-ção do
 []


Underfull \hbox (badness 5388) in paragraph at lines 48--48
\T1/phv/m/n/12 grau de Ba-cha-rel em Sis-te-mas de
 []


Underfull \hbox (badness 2042) in paragraph at lines 48--48
\T1/phv/m/n/12 In-for-ma-ção na Pon-ti-fí-cia Uni-ver-si-dade
 []


Overfull \vbox (113.81102pt too high) has occurred while \output is active []


[1

{/var/lib/texmf/fonts/map/pdftex/updmap/pdftex.map}{/usr/share/texlive/texmf-di
st/fonts/enc/dvips/base/8r.enc}]
Package pgfplots notification 'compat/show suggested version=true': document ha
s been generated with the most recent feature set (\pgfplotsset{compat=1.18}).

[2

] [3

] [4

] [5

] [6

] (./exemplo.lof
LaTeX Font Info:    Trying to load font information for OT1+phv on input line 4
.

(/usr/share/texlive/texmf-dist/tex/latex/psnfss/ot1phv.fd
File: ot1phv.fd 2020/03/25 scalable font definitions for OT1/phv.
)
LaTeX Font Info:    Trying to load font information for U+msa on input line 4.

(/usr/share/texlive/texmf-dist/tex/latex/amsfonts/umsa.fd
File: umsa.fd 2013/01/14 v3.01 AMS symbols A
)
LaTeX Font Info:    Trying to load font information for U+msb on input line 4.

(/usr/share/texlive/texmf-dist/tex/latex/amsfonts/umsb.fd
File: umsb.fd 2013/01/14 v3.01 AMS symbols B
)
Overfull \hbox (8.46552pt too wide) in paragraph at lines 5--5
 [][] \T1/phv/m/n/12 Fi-gura []I-SFB: sé-rie re-cente (2020^^U2024). \T1/phv/b/
n/12 Fon-tes: \T1/phv/m/n/12 FE-BRA-BAN/BCB [[], 
 []

LaTeX Font Info:    Font shape `T1/phv/m/it' in size <12> not available
(Font)              Font shape `T1/phv/m/sl' tried instead on input line 12.

Overfull \hbox (0.58365pt too wide) in paragraph at lines 19--19
 [][] \T1/phv/m/n/12 Fi-gura []Fluxo US-R1 ^^V edi-ção da conta ca-das-trada co
m fe-ed-back em tempo 
 []

)
\tf@lof=\write4
\openout4 = `exemplo.lof'.

 [7

] (./exemplo.lot)
\tf@lot=\write5
\openout5 = `exemplo.lot'.

 [8

] (./exemplo.loa)
\tf@loa=\write6
\openout6 = `exemplo.loa'.

 [9

] (./exemplo.los)
\tf@los=\write7
\openout7 = `exemplo.los'.

 [10

]
(./exemplo.lov)
\tf@lov=\write8
\openout8 = `exemplo.lov'.

 [11

] (./exemplo.lob)
\tf@lob=\write9
\openout9 = `exemplo.lob'.

 [12

] (./exemplo.toc
Overfull \hbox (1.82674pt too wide) in paragraph at lines 11--11
 [][] []\T1/phv/m/n/12 VISUALIZAÇÃO DE DA-DOS, BU-SI-NESS IN-TEL-LI-GENCE E IN-
TER-FACE ANA- 
 []

[13

]
Overfull \hbox (0.74747pt too wide) in paragraph at lines 57--57
 [][] []\T1/phv/m/n/12 CONSIDERAÇÕES SO-BRE DIS-TRI-BUI-ÇÃO DE FUN-CI-O-NA-LI-D
A-DES EN-TRE 
 []

[14])
\tf@toc=\write10
\openout10 = `exemplo.toc'.

 [15]
\openout2 = `exemplo-cap1.aux'.

 (./exemplo-cap1.tex
1.

Underfull \hbox (badness 10000) detected at line 1
\T1/phv/b/n/14.4 1. 
 []


Underfull \hbox (badness 10000) detected at line 53
\T1/phv/b/n/12 1.1
 []


Underfull \hbox (badness 10000) detected at line 55
\T1/phv/m/n/12 1.1.1
 []

[16



]
Underfull \hbox (badness 10000) detected at line 59
\T1/phv/m/n/12 1.1.2
 []

LaTeX Font Info:    Trying to load font information for TS1+phv on input line 6
2.
(/usr/share/texlive/texmf-dist/tex/latex/psnfss/ts1phv.fd
File: ts1phv.fd 2020/03/25 scalable font definitions for TS1/phv.
)
Underfull \hbox (badness 10000) detected at line 72
\T1/phv/b/n/12 1.2
 []

) [17]
\openout2 = `exemplo-cap2.aux'.

 (./exemplo-cap2.tex
2.

Underfull \hbox (badness 10000) detected at line 1
\T1/phv/b/n/14.4 2. 
 []


Underfull \hbox (badness 10000) detected at line 5
\T1/phv/b/n/12 2.1
 []

LaTeX Font Info:    Font shape `TS1/phv/m/it' in size <12> not available
(Font)              Font shape `TS1/phv/m/sl' tried instead on input line 6.
[18




]
Package pgfplots info on input line 40: Using 'lua backend=false' for axis: x c
oord trafo unsupported.

Underfull \hbox (badness 10000) detected at line 51
\T1/phv/b/n/12 2.2
 []

[19] [20]
Underfull \hbox (badness 10000) detected at line 93
\T1/phv/b/n/12 2.3
 []


Underfull \hbox (badness 10000) detected at line 96
\T1/phv/m/n/12 2.3.1
 []

<figs/guiabolso.jpg, id=72, 1062.21844pt x 472.01344pt>
File: figs/guiabolso.jpg Graphic file (type jpg)
<use figs/guiabolso.jpg>
Package pdftex.def Info: figs/guiabolso.jpg  used on input line 103.
(pdftex.def)             Requested size: 362.77264pt x 161.20267pt.
[21 <./figs/guiabolso.jpg>]
Underfull \hbox (badness 4569) in paragraph at lines 134--135
[]|\T1/phv/m/n/12 Consolida múl-ti-plas ins-ti-tui-
 []


Underfull \hbox (badness 3407) in paragraph at lines 135--136
[]|\T1/phv/m/n/12 Algoritmo aprende com os
 []


Underfull \hbox (badness 6758) in paragraph at lines 136--137
[]|\T1/phv/m/n/12 Recomendações e cam-pa-
 []


Underfull \hbox (badness 5475) in paragraph at lines 138--139
[]|\T1/phv/m/n/12 Atuação foi en-cer-rada em
 []


Underfull \hbox (badness 10000) detected at line 143
\T1/phv/m/n/12 2.3.2
 []

[22]
<figs/organizze.png, id=79, 1319.93124pt x 724.7075pt>
File: figs/organizze.png Graphic file (type png)
<use figs/organizze.png>
Package pdftex.def Info: figs/organizze.png  used on input line 150.
(pdftex.def)             Requested size: 362.77264pt x 199.17906pt.
 [23 <./figs/organizze.png>]
Underfull \hbox (badness 10000) in paragraph at lines 183--184
[]|\T1/phv/m/n/12 Notificações con-fi-gu-rá-veis
 []


Underfull \hbox (badness 2980) in paragraph at lines 184--185
\T1/phv/m/n/12 je-ções ou sé-ries his-tó-ri-cas
 []


Underfull \hbox (badness 10000) detected at line 190
\T1/phv/m/n/12 2.3.3
 []

<figs/minhas-economias.png, id=85, 419.5675pt x 565.11125pt>
File: figs/minhas-economias.png Graphic file (type png)
<use figs/minhas-economias.png>
Package pdftex.def Info: figs/minhas-economias.png  used on input line 197.
(pdftex.def)             Requested size: 362.77264pt x 488.61618pt.
[24] [25 <./figs/minhas-economias.png>]
Underfull \hbox (badness 2334) in paragraph at lines 231--231
[]|\T1/phv/m/n/12 Experiência vi-sual con-tem-po-râ-
 []


Underfull \hbox (badness 10000) detected at line 237
\T1/phv/m/n/12 2.3.4
 []

<figs/mobills.jpg, id=94, 602.25pt x 319.1925pt>
File: figs/mobills.jpg Graphic file (type jpg)
<use figs/mobills.jpg>
Package pdftex.def Info: figs/mobills.jpg  used on input line 244.
(pdftex.def)             Requested size: 362.77264pt x 192.27676pt.
[26]
Overfull \hbox (1.83153pt too wide) in paragraph at lines 261--262
[]\T1/phv/m/n/12 Boa parte das fun-ci-o-na-li-da-des avan-ça-das per-ma-nece at
rás de pay-wall, li-mi-tando usuá-
 []


Underfull \hbox (badness 5161) in paragraph at lines 277--278
[]|\T1/phv/m/n/12 Aplicativos na-ti-vos man-têm
 []


Underfull \hbox (badness 2181) in paragraph at lines 279--280
[]|\T1/phv/m/n/12 Funções avan-ça-das per-ma-
 []

[27 <./figs/mobills.jpg>]
Underfull \hbox (badness 10000) detected at line 284
\T1/phv/m/n/12 2.3.5
 []

LaTeX Font Info:    Trying to load font information for T1+cmtt on input line 2
88.
(/usr/share/texlive/texmf-dist/tex/latex/base/t1cmtt.fd
File: t1cmtt.fd 2023/04/13 v2.5m Standard LaTeX font definitions
) [28{/usr/share/texmf/fonts/enc/dvips/cm-super/cm-super-t1.enc}]) [29]
\openout2 = `exemplo-cap3.aux'.

 (./exemplo-cap3.tex
3.

Underfull \hbox (badness 10000) detected at line 1
\T1/phv/b/n/14.4 3. 
 []


Underfull \hbox (badness 10000) detected at line 5
\T1/phv/b/n/12 3.1
 []


Underfull \hbox (badness 10000) detected at line 9
\T1/phv/b/n/12 3.2
 []


Underfull \hbox (badness 10000) detected at line 15
\T1/phv/b/n/12 3.3
 []


Underfull \hbox (badness 10000) detected at line 17
\T1/phv/m/n/12 3.3.1
 []


Underfull \hbox (badness 10000) detected at line 20
\T1/phv/m/n/12 3.3.2
 []

[30




]
Underfull \hbox (badness 10000) detected at line 23
\T1/phv/m/n/12 3.3.3
 []


Underfull \hbox (badness 10000) detected at line 26
\T1/phv/m/n/12 3.3.4
 []


Underfull \hbox (badness 10000) detected at line 29
\T1/phv/m/n/12 3.3.5
 []


Underfull \hbox (badness 10000) detected at line 32
\T1/phv/m/n/12 3.3.6
 []


Underfull \hbox (badness 10000) detected at line 35
\T1/phv/m/n/12 3.3.7
 []

[31]
Underfull \hbox (badness 10000) detected at line 38
\T1/phv/m/n/12 3.3.8
 []


Underfull \hbox (badness 10000) detected at line 43
\T1/phv/b/n/12 3.4
 []


Underfull \hbox (badness 10000) detected at line 55
\T1/phv/b/n/12 3.5
 []

[32]
Underfull \hbox (badness 10000) detected at line 59
\T1/phv/b/n/12 3.6
 []


Underfull \hbox (badness 10000) detected at line 63
\T1/phv/m/n/12 3.6.1
 []


Underfull \hbox (badness 10000) detected at line 66
\T1/phv/m/n/12 3.6.2
 []


Underfull \hbox (badness 10000) detected at line 69
\T1/phv/m/n/12 3.6.3
 []

[33]
Underfull \hbox (badness 10000) detected at line 72
\T1/phv/b/n/12 3.7
 []


Underfull \hbox (badness 10000) detected at line 77
\T1/phv/m/n/12 3.7.1
 []


Overfull \hbox (0.99942pt too wide) in paragraph at lines 80--81
[]\T1/phv/m/n/12 Como usuá-rio, quero re-gis-trar re-cei-tas e des-pe-sas diá-r
ias com
 []


Underfull \hbox (badness 10000) detected at line 84
\T1/phv/m/n/12 3.7.2
 []

[34]
Underfull \hbox (badness 10000) detected at line 91
\T1/phv/m/n/12 3.7.3
 []


Underfull \hbox (badness 10000) detected at line 100
\T1/phv/b/n/12 3.8
 []


Underfull \hbox (badness 10000) detected at line 104
\T1/phv/m/n/12 3.8.1
 []

[35]
Underfull \hbox (badness 10000) detected at line 115
\T1/phv/m/n/12 3.8.2
 []

<figs/diagramaarquitetura.png, id=127, 766.865pt x 394.47375pt>
File: figs/diagramaarquitetura.png Graphic file (type png)
<use figs/diagramaarquitetura.png>
Package pdftex.def Info: figs/diagramaarquitetura.png  used on input line 121.
(pdftex.def)             Requested size: 411.14528pt x 211.49582pt.

Underfull \hbox (badness 10000) detected at line 126
\T1/phv/m/n/12 3.8.3
 []

[36 <./figs/diagramaarquitetura.png (PNG copy)>]
Underfull \hbox (badness 10000) detected at line 129
\T1/phv/m/n/12 3.8.4
 []


Underfull \hbox (badness 10000) detected at line 132
\T1/phv/m/n/12 3.8.5
 []


Underfull \hbox (badness 10000) detected at line 135
\T1/phv/m/n/12 3.8.6
 []


Overfull \hbox (28.37277pt too wide) in paragraph at lines 136--137
[]\T1/phv/m/n/12 Eventos de usuá-rios, tran-sa-ções e me-tas são con-su-mi-dos 
pelo mi-cro-ser-viço \T1/cmtt/m/n/12 dashboard-
 []


Underfull \hbox (badness 10000) detected at line 138
\T1/phv/m/n/12 3.8.7
 []

[37]
Underfull \hbox (badness 10000) detected at line 148
\T1/phv/b/n/12 3.9
 []

<figs/modelo-dados.jpg, id=135, 1307.88625pt x 1300.86pt>
File: figs/modelo-dados.jpg Graphic file (type jpg)
<use figs/modelo-dados.jpg>
Package pdftex.def Info: figs/modelo-dados.jpg  used on input line 157.
(pdftex.def)             Requested size: 411.14528pt x 408.91954pt.
[38]
Underfull \hbox (badness 10000) detected at line 164
\T1/phv/b/n/12 3.10
 []

) [39 <./figs/modelo-dados.jpg>] [40]
\openout2 = `exemplo-cap4.aux'.

 (./exemplo-cap4.tex
4.

Underfull \hbox (badness 10000) detected at line 1
\T1/phv/b/n/14.4 4. 
 []


Underfull \hbox (badness 10000) detected at line 5
\T1/phv/b/n/12 4.1
 []

<figs/railway.png, id=145, 1907.125pt x 907.39pt>
File: figs/railway.png Graphic file (type png)
<use figs/railway.png>
Package pdftex.def Info: figs/railway.png  used on input line 11.
(pdftex.def)             Requested size: 459.51054pt x 218.62263pt.
[41




 <./figs/railway.png>]
Overfull \hbox (6.90924pt too wide) in paragraph at lines 20--21
[]\T1/phv/m/n/12 Por fim, a im-plan-ta-ção em nu-vem apro-veita os Doc-ker-fi-l
es do re-po-si-tó-rio no \T1/phv/b/n/12 Railway\T1/phv/m/n/12 ,
 []


Underfull \hbox (badness 10000) detected at line 22
\T1/phv/b/n/12 4.2
 []


Underfull \hbox (badness 10000) detected at line 26
\T1/phv/m/n/12 4.2.1
 []

<figs/us-l1-form-empty.png, id=150, 477.785pt x 947.54pt>
File: figs/us-l1-form-empty.png Graphic file (type png)
<use figs/us-l1-form-empty.png>
Package pdftex.def Info: figs/us-l1-form-empty.png  used on input line 34.
(pdftex.def)             Requested size: 154.85544pt x 307.10826pt.
<figs/us-l1-form-filled.png, id=151, 477.785pt x 947.54pt>
File: figs/us-l1-form-filled.png Graphic file (type png)
<use figs/us-l1-form-filled.png>
Package pdftex.def Info: figs/us-l1-form-filled.png  used on input line 40.
(pdftex.def)             Requested size: 154.85544pt x 307.10826pt.
<figs/us-l1-otp-request.png, id=152, 477.785pt x 947.54pt>
File: figs/us-l1-otp-request.png Graphic file (type png)
<use figs/us-l1-otp-request.png>
Package pdftex.def Info: figs/us-l1-otp-request.png  used on input line 51.
(pdftex.def)             Requested size: 154.85544pt x 307.10826pt.
<figs/us-l1-otp-email.png, id=153, 778.91pt x 726.715pt>
File: figs/us-l1-otp-email.png Graphic file (type png)
<use figs/us-l1-otp-email.png>
Package pdftex.def Info: figs/us-l1-otp-email.png  used on input line 57.
(pdftex.def)             Requested size: 329.18422pt x 307.12547pt.
<figs/us-l1-otp-input.png, id=154, 516.93124pt x 824.07875pt>
File: figs/us-l1-otp-input.png Graphic file (type png)
<use figs/us-l1-otp-input.png>
Package pdftex.def Info: figs/us-l1-otp-input.png  used on input line 68.
(pdftex.def)             Requested size: 192.6498pt x 307.11746pt.
<figs/us-l1-otp-success.png, id=155, 516.93124pt x 891.33pt>
File: figs/us-l1-otp-success.png Graphic file (type png)
<use figs/us-l1-otp-success.png>
Package pdftex.def Info: figs/us-l1-otp-success.png  used on input line 74.
(pdftex.def)             Requested size: 178.11272pt x 307.11476pt.
[42] [43 <./figs/us-l1-form-empty.png> <./figs/us-l1-form-filled.png>] [44 <./f
igs/us-l1-otp-request.png> <./figs/us-l1-otp-email.png>] [45 <./figs/us-l1-otp-
input.png> <./figs/us-l1-otp-success.png>]
Underfull \hbox (badness 10000) detected at line 83
\T1/phv/m/n/12 4.2.2
 []

<figs/us-l2-form-entry.png, id=175, 1197.47375pt x 796.9775pt>
File: figs/us-l2-form-entry.png Graphic file (type png)
<use figs/us-l2-form-entry.png>
Package pdftex.def Info: figs/us-l2-form-entry.png  used on input line 91.
(pdftex.def)             Requested size: 329.60779pt x 219.37013pt.
<figs/us-l2-form-success.png, id=176, 1197.47375pt x 859.21pt>
File: figs/us-l2-form-success.png Graphic file (type png)
<use figs/us-l2-form-success.png>
Package pdftex.def Info: figs/us-l2-form-success.png  used on input line 97.
(pdftex.def)             Requested size: 305.72633pt x 219.36441pt.
<figs/us-l2-list-30days.png, id=177, 1207.51125pt x 752.8125pt>
File: figs/us-l2-list-30days.png Graphic file (type png)
<use figs/us-l2-list-30days.png>
Package pdftex.def Info: figs/us-l2-list-30days.png  used on input line 103.
(pdftex.def)             Requested size: 351.86441pt x 219.36684pt.

LaTeX Warning: Float too large for page by 37.95143pt on input line 108.

[46] [47 <./figs/us-l2-form-entry.png> <./figs/us-l2-form-success.png> <./figs/
us-l2-list-30days.png>]
Underfull \hbox (badness 10000) detected at line 112
\T1/phv/m/n/12 4.2.3
 []

<figs/us-l3-goal-reserve.png, id=187, 1191.45125pt x 246.9225pt>
File: figs/us-l3-goal-reserve.png Graphic file (type png)
<use figs/us-l3-goal-reserve.png>
Package pdftex.def Info: figs/us-l3-goal-reserve.png  used on input line 120.
(pdftex.def)             Requested size: 411.14203pt x 85.20718pt.

Underfull \hbox (badness 10000) detected at line 127
\T1/phv/m/n/12 4.2.4
 []

<figs/us-r1-form-empty.png, id=188, 1194.4625pt x 652.4375pt>
File: figs/us-r1-form-empty.png Graphic file (type png)
<use figs/us-r1-form-empty.png>
Package pdftex.def Info: figs/us-r1-form-empty.png  used on input line 135.
(pdftex.def)             Requested size: 435.32817pt x 237.78429pt.
<figs/us-r1-form-success.png, id=189, 1194.4625pt x 908.39375pt>
File: figs/us-r1-form-success.png Graphic file (type png)
<use figs/us-r1-form-success.png>
Package pdftex.def Info: figs/us-r1-form-success.png  used on input line 141.
(pdftex.def)             Requested size: 336.52498pt x 255.92867pt.
<figs/us-r1-edit.png, id=190, 1194.4625pt x 908.39375pt>
File: figs/us-r1-edit.png Graphic file (type png)
<use figs/us-r1-edit.png>
Package pdftex.def Info: figs/us-r1-edit.png  used on input line 152.
(pdftex.def)             Requested size: 435.32817pt x 331.0689pt.
[48 <./figs/us-l3-goal-reserve.png>] [49 <./figs/us-r1-form-empty.png> <./figs/
us-r1-form-success.png>]
Underfull \hbox (badness 10000) detected at line 159
\T1/phv/m/n/12 4.2.5
 []


Overfull \hbox (42.28226pt too wide) in paragraph at lines 160--162
\T1/phv/m/n/12 go-ria, conta) e bus-cas tex-tu-ais, apoi-ado por con-sul-tas es
-pe-ci-a-li-za-das no \T1/cmtt/m/n/12 TransactionQueryService\T1/phv/m/n/12 . 
 []

<figs/us-r2-conciliacao.png, id=201, 1170.3725pt x 975.645pt>
File: figs/us-r2-conciliacao.png Graphic file (type png)
<use figs/us-r2-conciliacao.png>
Package pdftex.def Info: figs/us-r2-conciliacao.png  used on input line 167.
(pdftex.def)             Requested size: 411.13661pt x 342.73138pt.
[50 <./figs/us-r1-edit.png>] [51 <./figs/us-r2-conciliacao.png>]
Underfull \hbox (badness 10000) detected at line 174
\T1/phv/m/n/12 4.2.6
 []

<figs/us-r3-limit-category.png, id=211, 1170.3725pt x 756.8275pt>
File: figs/us-r3-limit-category.png Graphic file (type png)
<use figs/us-r3-limit-category.png>
Package pdftex.def Info: figs/us-r3-limit-category.png  used on input line 182.

(pdftex.def)             Requested size: 411.13661pt x 265.86365pt.

Underfull \hbox (badness 10000) detected at line 189
\T1/phv/m/n/12 4.2.7
 []

<figs/us-p1-overview-quadros1.png, id=212, 1210.5225pt x 930.47626pt>
File: figs/us-p1-overview-quadros1.png Graphic file (type png)
<use figs/us-p1-overview-quadros1.png>
Package pdftex.def Info: figs/us-p1-overview-quadros1.png  used on input line 1
97.
(pdftex.def)             Requested size: 285.39638pt x 219.37184pt.
<figs/us-p1-overview-quadros2.png, id=213, 1191.45125pt x 696.6025pt>
File: figs/us-p1-overview-quadros2.png Graphic file (type png)
<use figs/us-p1-overview-quadros2.png>
Package pdftex.def Info: figs/us-p1-overview-quadros2.png  used on input line 2
03.
(pdftex.def)             Requested size: 375.20006pt x 219.36717pt.
<figs/us-p1-overview-quadros3.png, id=214, 1208.515pt x 876.27374pt>
File: figs/us-p1-overview-quadros3.png Graphic file (type png)
<use figs/us-p1-overview-quadros3.png>
Package pdftex.def Info: figs/us-p1-overview-quadros3.png  used on input line 2
09.
(pdftex.def)             Requested size: 302.53369pt x 219.36205pt.

LaTeX Warning: Float too large for page by 25.73106pt on input line 214.

<figs/us-p1-overview-graficos1.png, id=215, 1199.48125pt x 465.74pt>
File: figs/us-p1-overview-graficos1.png Graphic file (type png)
<use figs/us-p1-overview-graficos1.png>
Package pdftex.def Info: figs/us-p1-overview-graficos1.png  used on input line 
220.
(pdftex.def)             Requested size: 435.32703pt x 169.03073pt.
<figs/us-p1-overview-graficos2.png, id=216, 1223.57124pt x 930.47626pt>
File: figs/us-p1-overview-graficos2.png Graphic file (type png)
<use figs/us-p1-overview-graficos2.png>
Package pdftex.def Info: figs/us-p1-overview-graficos2.png  used on input line 
226.
(pdftex.def)             Requested size: 336.54848pt x 255.93146pt.
[52 <./figs/us-r3-limit-category.png>] [53 <./figs/us-p1-overview-quadros1.png>
 <./figs/us-p1-overview-quadros2.png> <./figs/us-p1-overview-quadros3.png>]
[54 <./figs/us-p1-overview-graficos1.png> <./figs/us-p1-overview-graficos2.png>
]
Underfull \hbox (badness 10000) detected at line 235
\T1/phv/m/n/12 4.2.8
 []

<figs/us-p2-diagnostico.png, id=232, 1202.4925pt x 630.355pt>
File: figs/us-p2-diagnostico.png Graphic file (type png)
<use figs/us-p2-diagnostico.png>
Package pdftex.def Info: figs/us-p2-diagnostico.png  used on input line 243.
(pdftex.def)             Requested size: 348.73224pt x 182.80788pt.
<figs/us-p2-guia.png, id=233, 1202.4925pt x 702.625pt>
File: figs/us-p2-guia.png Graphic file (type png)
<use figs/us-p2-guia.png>
Package pdftex.def Info: figs/us-p2-guia.png  used on input line 249.
(pdftex.def)             Requested size: 312.86086pt x 182.80684pt.
<figs/us-p2-lab.png, id=234, 1188.44pt x 493.845pt>
File: figs/us-p2-lab.png Graphic file (type png)
<use figs/us-p2-lab.png>
Package pdftex.def Info: figs/us-p2-lab.png  used on input line 260.
(pdftex.def)             Requested size: 435.32747pt x 180.8962pt.
<figs/us-p2-rituais.png, id=235, 1185.42876pt x 788.9475pt>
File: figs/us-p2-rituais.png Graphic file (type png)
<use figs/us-p2-rituais.png>
Package pdftex.def Info: figs/us-p2-rituais.png  used on input line 266.
(pdftex.def)             Requested size: 274.66875pt x 182.8024pt.
[55 <./figs/us-p2-diagnostico.png> <./figs/us-p2-guia.png>] [56 <./figs/us-p2-l
ab.png> <./figs/us-p2-rituais.png>]
Underfull \hbox (badness 10000) detected at line 275
\T1/phv/m/n/12 4.2.9
 []

<figs/us-p3-email.png, id=247, 1892.06876pt x 909.3975pt>
File: figs/us-p3-email.png Graphic file (type png)
<use figs/us-p3-email.png>
Package pdftex.def Info: figs/us-p3-email.png  used on input line 283.
(pdftex.def)             Requested size: 459.51054pt x 220.85472pt.

Underfull \hbox (badness 10000) detected at line 290
\T1/phv/b/n/12 4.3
 []

LaTeX Font Info:    Font shape `T1/phv/m/it' in size <10.95> not available
(Font)              Font shape `T1/phv/m/sl' tried instead on input line 308.

Underfull \hbox (badness 10000) detected at line 328
\T1/phv/b/n/12 4.4
 []

[57 <./figs/us-p3-email.png>] [58]
Underfull \hbox (badness 10000) detected at line 343
\T1/phv/b/n/12 4.5
 []


Overfull \hbox (13.74216pt too wide) in paragraph at lines 350--351
\T1/phv/m/n/12 na-dos o \T1/cmtt/m/n/12 docker-compose \T1/phv/m/n/12 com SQL S
er-ver, Kafka e Zo-o-ke-e-per, além do \T1/cmtt/m/n/12 application.yml
 []

[59]
Overfull \hbox (7.01811pt too wide) in paragraph at lines 356--357
\T1/phv/m/n/12 de con-tas e tran-sa-ções, con-trol-lers, ser-vi-ços, re-gras de
 saldo e o \T1/cmtt/m/n/12 ApiExceptionHandler\T1/phv/m/n/12 .
 []

[60]) [61]
\openout2 = `exemplo-cap5.aux'.

 (./exemplo-cap5.tex
5.

Underfull \hbox (badness 10000) detected at line 1
\T1/phv/b/n/14.4 5. 
 []

) [62




]
\openout2 = `exemplo-cap6.aux'.

 (./exemplo-cap6.tex
6.

Underfull \hbox (badness 10000) detected at line 1
\T1/phv/b/n/14.4 6. 
 []


Underfull \hbox (badness 10000) detected at line 7
\T1/phv/b/n/12 6.1
 []


LaTeX Warning: Reference `fig:modelo-dominio' on page 63 undefined on input lin
e 13.

[63




]
Underfull \hbox (badness 10000) detected at line 19
\T1/phv/b/n/12 6.2
 []


Underfull \hbox (badness 10000) detected at line 25
\T1/phv/b/n/12 6.3
 []


Underfull \hbox (badness 10000) detected at line 33
\T1/phv/b/n/12 6.4
 []

[64]
Underfull \hbox (badness 10000) detected at line 44
\T1/phv/b/n/12 6.5
 []


Underfull \hbox (badness 10000) detected at line 53
\T1/phv/b/n/12 6.6
 []

[65]) [66] (./exemplo.bbl
Underfull \hbox (badness 1082) in paragraph at lines 20--25
[]\T1/phv/m/n/12 ANBIMA; Plano CDE. ``Edu-ca-ção fi-nan-ceira: um re-trato das 
ini-ci-a-ti-vas no
 []


Underfull \hbox (badness 2426) in paragraph at lines 20--25
\T1/phv/m/n/12 bra-sil (2017--2024)''. Acesso em: 20 mar. 2025, Cap-tu-rado em:
 $https :
 []


Underfull \hbox (badness 10000) in paragraph at lines 20--25
\T1/phv/m/n/12 / / www . anbima . com . br / data / ^^\les / 9B / 54 / F2 / 61 
/ 48B5791010999579B82BA2A8 /
 []


Underfull \hbox (badness 1147) in paragraph at lines 27--32
[]\T1/phv/m/n/12 Banco Central do Brasil. ``Relatório de cidadania financeira 2
023''. Acesso
 []


Underfull \hbox (badness 10000) in paragraph at lines 46--51
[]\T1/phv/m/n/12 CNN Bra-sil. ``Mais de 57 mi-lhões de bra-si-lei-ros es-tão en
-di-vi-da-dos
 []


Underfull \hbox (badness 2662) in paragraph at lines 46--51
\T1/phv/m/n/12 (e nem sa-bem disso), diz pes-quisa da se-rasa''. Acesso em: 20 
mar.
 []


Underfull \hbox (badness 10000) in paragraph at lines 46--51
\T1/phv/m/n/12 2025, Cap-tu-rado em: $https : / / www . cnnbrasil . com . br / 
economia / ^^\nancas /
 []


Overfull \hbox (71.0566pt too wide) in paragraph at lines 46--51
\T1/phv/m/n/12 mais-[]de-[]57-[]milhoes-[]de-[]brasileiros-[]estao-[]endividado
s-[]e-[]nem-[]sabem-[]diz-[]pesquisa-[]da-[]serasa/$,
 []


Overfull \hbox (12.6567pt too wide) in paragraph at lines 53--59
\T1/phv/m/n/12 pesquisa-[]de-[]endividamento-[]e-[]inadimplencia-[]do-[]consumi
dor-[]peic-[]janeiro-[]de-[]2025/$,
 []


Underfull \hbox (badness 1681) in paragraph at lines 73--76
[]\T1/phv/m/n/12 Few, S. ``Information Dashboard Design: Displaying Data for At
-a-Glance
 []


Underfull \hbox (badness 1454) in paragraph at lines 78--83
[]\T1/phv/m/n/12 FEBRABAN; IPESPE. ``17\TS1/phv/m/n/12 ª \T1/phv/m/n/12 edição 
do observatório febraban: maioria dos
 []

[67



]
Underfull \hbox (badness 1097) in paragraph at lines 101--105
[]\T1/phv/m/n/12 Minhas Economias. ``Minhas economias --- planejamento financei
ro online''.
 []


Underfull \hbox (badness 1616) in paragraph at lines 120--125
[]\T1/phv/m/n/12 OECD/INFE. ``2023 international survey of adult financial lite
racy''. Acesso
 []


Underfull \hbox (badness 10000) in paragraph at lines 138--143
[]\T1/phv/m/n/12 Serasa Ex-pe-rian. ``Mapa da ina-dim-plên-cia e re-ne-go-ci-a-
ção de
 []


Underfull \hbox (badness 3179) in paragraph at lines 138--143
\T1/phv/m/n/12 dí-vi-das no bra-sil --- de-zem-bro de 2024''. Acesso em: 20 mar
. 2025,
 []


Underfull \hbox (badness 10000) in paragraph at lines 138--143
\T1/phv/m/n/12 Cap-tu-rado em: $https : / / www . serasa . com . br / limpa-[]n
ome-[]online / blog /
 []

) [68] (./exemplo.aux (./exemplo-cap1.aux) (./exemplo-cap2.aux)
(./exemplo-cap3.aux) (./exemplo-cap4.aux) (./exemplo-cap5.aux)
(./exemplo-cap6.aux))
 ***********
LaTeX2e <2023-11-01> patch level 1
L3 programming layer <2024-01-22>
 ***********


LaTeX Warning: There were undefined references.

 ) 
Here is how much of TeX's memory you used:
 28797 strings out of 474222
 718906 string characters out of 5748732
 1937975 words of memory out of 5000000
 50445 multiletter control sequences out of 15000+600000
 596197 words of font info for 91 fonts, out of 8000000 for 9000
 1141 hyphenation exceptions out of 8191
 99i,12n,101p,884b,2345s stack positions out of 10000i,1000n,20000p,200000b,200000s
</usr/share/texmf/fonts/type1/public/cm-super/sftt1095.pfb></usr/share/texmf/
fonts/type1/public/cm-super/sftt1200.pfb></usr/share/texlive/texmf-dist/fonts/t
ype1/urw/helvetic/uhvb8a.pfb></usr/share/texlive/texmf-dist/fonts/type1/urw/hel
vetic/uhvr8a.pfb></usr/share/texlive/texmf-dist/fonts/type1/urw/helvetic/uhvro8
a.pfb>
Output written on exemplo.pdf (68 pages, 2809496 bytes).
PDF statistics:
 315 PDF objects out of 1000 (max. 8388607)
 173 compressed objects within 2 object streams
 0 named destinations out of 1000 (max. 500000)
 173 words of extra memory for PDF output out of 10000 (max. 10000000)

